
> Task :login
Enter username:
Enter password:
Welcome, secret-user!

> Task :doAuthenticated
Doing authenticated task

BUILD SUCCESSFUL in 0s
2 actionable tasks: 2 executed